Archive member included to satisfy reference by file (symbol)

/home/marina/Documents/gcc-arm-none-eabi-7-2017-q4-major/bin/../lib/gcc/arm-none-eabi/7.2.1/../../../../arm-none-eabi/lib/thumb/v7e-m/fpv5/hard/libc_nano.a(lib_a-exit.o)
                              /home/marina/Documents/gcc-arm-none-eabi-7-2017-q4-major/bin/../lib/gcc/arm-none-eabi/7.2.1/../../../../arm-none-eabi/lib/thumb/v7e-m/fpv5/hard/crt0.o (exit)
/home/marina/Documents/gcc-arm-none-eabi-7-2017-q4-major/bin/../lib/gcc/arm-none-eabi/7.2.1/../../../../arm-none-eabi/lib/thumb/v7e-m/fpv5/hard/libc_nano.a(lib_a-impure.o)
                              /home/marina/Documents/gcc-arm-none-eabi-7-2017-q4-major/bin/../lib/gcc/arm-none-eabi/7.2.1/../../../../arm-none-eabi/lib/thumb/v7e-m/fpv5/hard/libc_nano.a(lib_a-exit.o) (_global_impure_ptr)
/home/marina/Documents/gcc-arm-none-eabi-7-2017-q4-major/bin/../lib/gcc/arm-none-eabi/7.2.1/../../../../arm-none-eabi/lib/thumb/v7e-m/fpv5/hard/libc_nano.a(lib_a-init.o)
                              /home/marina/Documents/gcc-arm-none-eabi-7-2017-q4-major/bin/../lib/gcc/arm-none-eabi/7.2.1/../../../../arm-none-eabi/lib/thumb/v7e-m/fpv5/hard/crt0.o (__libc_init_array)
/home/marina/Documents/gcc-arm-none-eabi-7-2017-q4-major/bin/../lib/gcc/arm-none-eabi/7.2.1/../../../../arm-none-eabi/lib/thumb/v7e-m/fpv5/hard/libc_nano.a(lib_a-memset.o)
                              /home/marina/Documents/gcc-arm-none-eabi-7-2017-q4-major/bin/../lib/gcc/arm-none-eabi/7.2.1/../../../../arm-none-eabi/lib/thumb/v7e-m/fpv5/hard/crt0.o (memset)
/home/marina/Documents/gcc-arm-none-eabi-7-2017-q4-major/bin/../lib/gcc/arm-none-eabi/7.2.1/../../../../arm-none-eabi/lib/thumb/v7e-m/fpv5/hard/libnosys.a(_exit.o)
                              /home/marina/Documents/gcc-arm-none-eabi-7-2017-q4-major/bin/../lib/gcc/arm-none-eabi/7.2.1/../../../../arm-none-eabi/lib/thumb/v7e-m/fpv5/hard/libc_nano.a(lib_a-exit.o) (_exit)
/home/marina/Documents/gcc-arm-none-eabi-7-2017-q4-major/bin/../lib/gcc/arm-none-eabi/7.2.1/thumb/v7e-m/fpv5/hard/libgcc.a(_aeabi_uldivmod.o)
                              build/stm32f7xx_hal_rcc.o (__aeabi_uldivmod)
/home/marina/Documents/gcc-arm-none-eabi-7-2017-q4-major/bin/../lib/gcc/arm-none-eabi/7.2.1/thumb/v7e-m/fpv5/hard/libgcc.a(_udivmoddi4.o)
                              /home/marina/Documents/gcc-arm-none-eabi-7-2017-q4-major/bin/../lib/gcc/arm-none-eabi/7.2.1/thumb/v7e-m/fpv5/hard/libgcc.a(_aeabi_uldivmod.o) (__udivmoddi4)
/home/marina/Documents/gcc-arm-none-eabi-7-2017-q4-major/bin/../lib/gcc/arm-none-eabi/7.2.1/thumb/v7e-m/fpv5/hard/libgcc.a(_dvmd_tls.o)
                              /home/marina/Documents/gcc-arm-none-eabi-7-2017-q4-major/bin/../lib/gcc/arm-none-eabi/7.2.1/thumb/v7e-m/fpv5/hard/libgcc.a(_aeabi_uldivmod.o) (__aeabi_ldiv0)

Allocating common symbols
Common symbol       size              file

uwTick              0x4               build/stm32f7xx_hal.o
pFlash              0x1c              build/stm32f7xx_hal_flash.o
huart1              0x70              build/main.o

Discarded input sections

 .text          0x0000000000000000        0x0 /home/marina/Documents/gcc-arm-none-eabi-7-2017-q4-major/bin/../lib/gcc/arm-none-eabi/7.2.1/thumb/v7e-m/fpv5/hard/crti.o
 .data          0x0000000000000000        0x0 /home/marina/Documents/gcc-arm-none-eabi-7-2017-q4-major/bin/../lib/gcc/arm-none-eabi/7.2.1/thumb/v7e-m/fpv5/hard/crti.o
 .bss           0x0000000000000000        0x0 /home/marina/Documents/gcc-arm-none-eabi-7-2017-q4-major/bin/../lib/gcc/arm-none-eabi/7.2.1/thumb/v7e-m/fpv5/hard/crti.o
 .data          0x0000000000000000        0x4 /home/marina/Documents/gcc-arm-none-eabi-7-2017-q4-major/bin/../lib/gcc/arm-none-eabi/7.2.1/thumb/v7e-m/fpv5/hard/crtbegin.o
 .text          0x0000000000000000       0x74 /home/marina/Documents/gcc-arm-none-eabi-7-2017-q4-major/bin/../lib/gcc/arm-none-eabi/7.2.1/../../../../arm-none-eabi/lib/thumb/v7e-m/fpv5/hard/crt0.o
 .data          0x0000000000000000        0x0 /home/marina/Documents/gcc-arm-none-eabi-7-2017-q4-major/bin/../lib/gcc/arm-none-eabi/7.2.1/../../../../arm-none-eabi/lib/thumb/v7e-m/fpv5/hard/crt0.o
 .bss           0x0000000000000000        0x0 /home/marina/Documents/gcc-arm-none-eabi-7-2017-q4-major/bin/../lib/gcc/arm-none-eabi/7.2.1/../../../../arm-none-eabi/lib/thumb/v7e-m/fpv5/hard/crt0.o
 .ARM.extab     0x0000000000000000        0x0 /home/marina/Documents/gcc-arm-none-eabi-7-2017-q4-major/bin/../lib/gcc/arm-none-eabi/7.2.1/../../../../arm-none-eabi/lib/thumb/v7e-m/fpv5/hard/crt0.o
 .ARM.exidx     0x0000000000000000        0x8 /home/marina/Documents/gcc-arm-none-eabi-7-2017-q4-major/bin/../lib/gcc/arm-none-eabi/7.2.1/../../../../arm-none-eabi/lib/thumb/v7e-m/fpv5/hard/crt0.o
 .ARM.attributes
                0x0000000000000000       0x1e /home/marina/Documents/gcc-arm-none-eabi-7-2017-q4-major/bin/../lib/gcc/arm-none-eabi/7.2.1/../../../../arm-none-eabi/lib/thumb/v7e-m/fpv5/hard/crt0.o
[...]
Memory Configuration

Name             Origin             Length             Attributes
RAM              0x0000000020000000 0x0000000000080000 xrw
FLASH            0x0000000008000000 0x0000000000200000 xr
*default*        0x0000000000000000 0xffffffffffffffff

Linker script and memory map

LOAD /home/marina/Documents/gcc-arm-none-eabi-7-2017-q4-major/bin/../lib/gcc/arm-none-eabi/7.2.1/thumb/v7e-m/fpv5/hard/crti.o
LOAD /home/marina/Documents/gcc-arm-none-eabi-7-2017-q4-major/bin/../lib/gcc/arm-none-eabi/7.2.1/thumb/v7e-m/fpv5/hard/crtbegin.o
LOAD /home/marina/Documents/gcc-arm-none-eabi-7-2017-q4-major/bin/../lib/gcc/arm-none-eabi/7.2.1/../../../../arm-none-eabi/lib/thumb/v7e-m/fpv5/hard/crt0.o
LOAD build/stm32f7xx_hal_flash_ex.o
LOAD build/stm32f7xx_it.o
LOAD build/stm32f7xx_hal_cortex.o
LOAD build/stm32f7xx_hal_tim_ex.o
LOAD build/stm32f7xx_hal_i2c.o
LOAD build/main.o
LOAD build/stm32f7xx_hal_i2c_ex.o
LOAD build/system_stm32f7xx.o
LOAD build/stm32f7xx_hal_uart.o
LOAD build/stm32f7xx_hal_pwr_ex.o
LOAD build/stm32f7xx_hal_flash.o
LOAD build/stm32f7xx_hal_gpio.o
LOAD build/stm32f7xx_hal_rcc.o
LOAD build/stm32f7xx_hal.o
LOAD build/stm32f7xx_hal_tim.o
LOAD build/stm32f7xx_hal_msp.o
LOAD build/stm32f7xx_hal_rcc_ex.o
LOAD build/stm32f7xx_hal_dma.o
LOAD build/stm32f7xx_hal_dma_ex.o
LOAD build/stm32f7xx_hal_pwr.o
LOAD build/startup_stm32f765xx.o
LOAD /home/marina/Documents/gcc-arm-none-eabi-7-2017-q4-major/bin/../lib/gcc/arm-none-eabi/7.2.1/../../../../arm-none-eabi/lib/thumb/v7e-m/fpv5/hard/libc_nano.a
LOAD /home/marina/Documents/gcc-arm-none-eabi-7-2017-q4-major/bin/../lib/gcc/arm-none-eabi/7.2.1/../../../../arm-none-eabi/lib/thumb/v7e-m/fpv5/hard/libm.a
LOAD /home/marina/Documents/gcc-arm-none-eabi-7-2017-q4-major/bin/../lib/gcc/arm-none-eabi/7.2.1/../../../../arm-none-eabi/lib/thumb/v7e-m/fpv5/hard/libnosys.a
START GROUP
LOAD /home/marina/Documents/gcc-arm-none-eabi-7-2017-q4-major/bin/../lib/gcc/arm-none-eabi/7.2.1/thumb/v7e-m/fpv5/hard/libgcc.a
LOAD /home/marina/Documents/gcc-arm-none-eabi-7-2017-q4-major/bin/../lib/gcc/arm-none-eabi/7.2.1/../../../../arm-none-eabi/lib/thumb/v7e-m/fpv5/hard/libc_nano.a
END GROUP
START GROUP
LOAD /home/marina/Documents/gcc-arm-none-eabi-7-2017-q4-major/bin/../lib/gcc/arm-none-eabi/7.2.1/thumb/v7e-m/fpv5/hard/libgcc.a
LOAD /home/marina/Documents/gcc-arm-none-eabi-7-2017-q4-major/bin/../lib/gcc/arm-none-eabi/7.2.1/../../../../arm-none-eabi/lib/thumb/v7e-m/fpv5/hard/libc_nano.a
END GROUP
LOAD /home/marina/Documents/gcc-arm-none-eabi-7-2017-q4-major/bin/../lib/gcc/arm-none-eabi/7.2.1/thumb/v7e-m/fpv5/hard/crtend.o
LOAD /home/marina/Documents/gcc-arm-none-eabi-7-2017-q4-major/bin/../lib/gcc/arm-none-eabi/7.2.1/thumb/v7e-m/fpv5/hard/crtn.o
                0x0000000020080000                _estack = 0x20080000
                0x0000000000000200                _Min_Heap_Size = 0x200
                0x0000000000000400                _Min_Stack_Size = 0x400

.isr_vector     0x0000000008000000      0x1f8
                0x0000000008000000                . = ALIGN (0x4)
 *(.isr_vector)
 .isr_vector    0x0000000008000000      0x1f8 build/startup_stm32f765xx.o
                0x0000000008000000                g_pfnVectors
                0x00000000080001f8                . = ALIGN (0x4)

.text           0x00000000080001f8     0x1d00
                0x00000000080001f8                . = ALIGN (0x4)
 *(.text)
 .text          0x00000000080001f8       0x40 /home/marina/Documents/gcc-arm-none-eabi-7-2017-q4-major/bin/../lib/gcc/arm-none-eabi/7.2.1/thumb/v7e-m/fpv5/hard/crtbegin.o
 .text          0x0000000008000238       0x30 /home/marina/Documents/gcc-arm-none-eabi-7-2017-q4-major/bin/../lib/gcc/arm-none-eabi/7.2.1/thumb/v7e-m/fpv5/hard/libgcc.a(_aeabi_uldivmod.o)
                0x0000000008000238                __aeabi_uldivmod
 .text          0x0000000008000268      0x2cc /home/marina/Documents/gcc-arm-none-eabi-7-2017-q4-major/bin/../lib/gcc/arm-none-eabi/7.2.1/thumb/v7e-m/fpv5/hard/libgcc.a(_udivmoddi4.o)
                0x0000000008000268                __udivmoddi4
 .text          0x0000000008000534        0x4 /home/marina/Documents/gcc-arm-none-eabi-7-2017-q4-major/bin/../lib/gcc/arm-none-eabi/7.2.1/thumb/v7e-m/fpv5/hard/libgcc.a(_dvmd_tls.o)
                0x0000000008000534                __aeabi_ldiv0
                0x0000000008000534                __aeabi_idiv0
 *(.text*)
 .text.NMI_Handler
                0x0000000008000538        0x2 build/stm32f7xx_it.o
                0x0000000008000538                NMI_Handler
 .text.HardFault_Handler
                0x000000000800053a        0x2 build/stm32f7xx_it.o
                0x000000000800053a                HardFault_Handler
 .text.MemManage_Handler
                0x000000000800053c        0x2 build/stm32f7xx_it.o
                0x000000000800053c                MemManage_Handler
 .text.BusFault_Handler
                0x000000000800053e        0x2 build/stm32f7xx_it.o
                0x000000000800053e                BusFault_Handler
 .text.UsageFault_Handler
                0x0000000008000540        0x2 build/stm32f7xx_it.o
                0x0000000008000540                UsageFault_Handler
 .text.SVC_Handler
                0x0000000008000542        0x2 build/stm32f7xx_it.o
                0x0000000008000542                SVC_Handler
 .text.DebugMon_Handler
                0x0000000008000544        0x2 build/stm32f7xx_it.o
                0x0000000008000544                DebugMon_Handler
 .text.PendSV_Handler
                0x0000000008000546        0x2 build/stm32f7xx_it.o
                0x0000000008000546                PendSV_Handler
 .text.SysTick_Handler
                0x0000000008000548        0xc build/stm32f7xx_it.o
                0x0000000008000548                SysTick_Handler
 .text.HAL_NVIC_SetPriorityGrouping
                0x0000000008000554       0x24 build/stm32f7xx_hal_cortex.o
                0x0000000008000554                HAL_NVIC_SetPriorityGrouping
 .text.HAL_NVIC_SetPriority
                0x0000000008000578       0x64 build/stm32f7xx_hal_cortex.o
                0x0000000008000578                HAL_NVIC_SetPriority
 .text.HAL_SYSTICK_Config
                0x00000000080005dc       0x2c build/stm32f7xx_hal_cortex.o
                0x00000000080005dc                HAL_SYSTICK_Config
 .text.HAL_SYSTICK_CLKSourceConfig
                0x0000000008000608       0x20 build/stm32f7xx_hal_cortex.o
                0x0000000008000608                HAL_SYSTICK_CLKSourceConfig
 .text.HAL_SYSTICK_Callback
                0x0000000008000628        0x2 build/stm32f7xx_hal_cortex.o
                0x0000000008000628                HAL_SYSTICK_Callback
 .text.HAL_SYSTICK_IRQHandler
                0x000000000800062a        0x8 build/stm32f7xx_hal_cortex.o
                0x000000000800062a                HAL_SYSTICK_IRQHandler
 *fill*         0x0000000008000632        0x2 
 .text.MX_GPIO_Init
                0x0000000008000634       0x30 build/main.o
 .text.mstrlen  0x0000000008000664       0x14 build/main.o
                0x0000000008000664                mstrlen
 .text._Error_Handler
                0x0000000008000678        0x2 build/main.o
                0x0000000008000678                _Error_Handler
 *fill*         0x000000000800067a        0x2 
 .text.MX_USART1_UART_Init
                0x000000000800067c       0x40 build/main.o
 .text.SystemClock_Config
                0x00000000080006bc       0xe4 build/main.o
                0x00000000080006bc                SystemClock_Config
 .text.main     0x00000000080007a0       0x9c build/main.o
                0x00000000080007a0                main
 .text.SystemInit
                0x000000000800083c       0x50 build/system_stm32f7xx.o
                0x000000000800083c                SystemInit
 .text.UART_WaitOnFlagUntilTimeout
                0x000000000800088c       0x62 build/stm32f7xx_hal_uart.o
                0x000000000800088c                UART_WaitOnFlagUntilTimeout
 .text.HAL_UART_Transmit
                0x00000000080008ee       0xd2 build/stm32f7xx_hal_uart.o
                0x00000000080008ee                HAL_UART_Transmit
 .text.UART_SetConfig
                0x00000000080009c0      0x35c build/stm32f7xx_hal_uart.o
                0x00000000080009c0                UART_SetConfig
 .text.UART_AdvFeatureConfig
                0x0000000008000d1c       0xca build/stm32f7xx_hal_uart.o
                0x0000000008000d1c                UART_AdvFeatureConfig
 .text.UART_CheckIdleState
                0x0000000008000de6       0x48 build/stm32f7xx_hal_uart.o
                0x0000000008000de6                UART_CheckIdleState
 .text.HAL_UART_Init
                0x0000000008000e2e       0x66 build/stm32f7xx_hal_uart.o
                0x0000000008000e2e                HAL_UART_Init
 .text.HAL_PWREx_EnableOverDrive
                0x0000000008000e94       0x7c build/stm32f7xx_hal_pwr_ex.o
                0x0000000008000e94                HAL_PWREx_EnableOverDrive
 .text.HAL_GPIO_Init
                0x0000000008000f10      0x1e0 build/stm32f7xx_hal_gpio.o
                0x0000000008000f10                HAL_GPIO_Init
 .text.HAL_GPIO_WritePin
                0x00000000080010f0        0xc build/stm32f7xx_hal_gpio.o
                0x00000000080010f0                HAL_GPIO_WritePin
 .text.HAL_RCC_OscConfig
                0x00000000080010fc      0x3d4 build/stm32f7xx_hal_rcc.o
                0x00000000080010fc                HAL_RCC_OscConfig
 .text.HAL_RCC_GetSysClockFreq
                0x00000000080014d0       0xcc build/stm32f7xx_hal_rcc.o
                0x00000000080014d0                HAL_RCC_GetSysClockFreq
 .text.HAL_RCC_ClockConfig
                0x000000000800159c      0x164 build/stm32f7xx_hal_rcc.o
                0x000000000800159c                HAL_RCC_ClockConfig
 .text.HAL_RCC_GetHCLKFreq
                0x0000000008001700        0xc build/stm32f7xx_hal_rcc.o
                0x0000000008001700                HAL_RCC_GetHCLKFreq
 .text.HAL_RCC_GetPCLK1Freq
                0x000000000800170c       0x20 build/stm32f7xx_hal_rcc.o
                0x000000000800170c                HAL_RCC_GetPCLK1Freq
 .text.HAL_RCC_GetPCLK2Freq
                0x000000000800172c       0x20 build/stm32f7xx_hal_rcc.o
                0x000000000800172c                HAL_RCC_GetPCLK2Freq
 .text.HAL_InitTick
                0x000000000800174c       0x4c build/stm32f7xx_hal.o
                0x000000000800174c                HAL_InitTick
 .text.HAL_Init
                0x0000000008001798       0x16 build/stm32f7xx_hal.o
                0x0000000008001798                HAL_Init
 *fill*         0x00000000080017ae        0x2 
 .text.HAL_IncTick
                0x00000000080017b0       0x18 build/stm32f7xx_hal.o
                0x00000000080017b0                HAL_IncTick
 .text.HAL_GetTick
                0x00000000080017c8        0xc build/stm32f7xx_hal.o
                0x00000000080017c8                HAL_GetTick
 .text.HAL_MspInit
                0x00000000080017d4       0x5e build/stm32f7xx_hal_msp.o
                0x00000000080017d4                HAL_MspInit
 *fill*         0x0000000008001832        0x2 
 .text.HAL_UART_MspInit
                0x0000000008001834       0x54 build/stm32f7xx_hal_msp.o
                0x0000000008001834                HAL_UART_MspInit
 .text.HAL_RCCEx_PeriphCLKConfig
                0x0000000008001888      0x5bc build/stm32f7xx_hal_rcc_ex.o
                0x0000000008001888                HAL_RCCEx_PeriphCLKConfig
 .text.Reset_Handler
                0x0000000008001e44       0x50 build/startup_stm32f765xx.o
                0x0000000008001e44                Reset_Handler
 .text.Default_Handler
                0x0000000008001e94        0x2 build/startup_stm32f765xx.o
                0x0000000008001e94                RTC_Alarm_IRQHandler
                0x0000000008001e94                EXTI2_IRQHandler
                0x0000000008001e94                TIM8_CC_IRQHandler
                0x0000000008001e94                UART8_IRQHandler
                0x0000000008001e94                SPI4_IRQHandler
                0x0000000008001e94                TIM1_CC_IRQHandler
                0x0000000008001e94                DMA2_Stream5_IRQHandler
                0x0000000008001e94                DMA1_Stream5_IRQHandler
                0x0000000008001e94                CAN3_RX1_IRQHandler
                0x0000000008001e94                PVD_IRQHandler
                0x0000000008001e94                TAMP_STAMP_IRQHandler
                0x0000000008001e94                CAN2_RX1_IRQHandler
                0x0000000008001e94                EXTI3_IRQHandler
                0x0000000008001e94                TIM8_TRG_COM_TIM14_IRQHandler
                0x0000000008001e94                DFSDM1_FLT1_IRQHandler
                0x0000000008001e94                TIM1_UP_TIM10_IRQHandler
                0x0000000008001e94                TIM8_UP_TIM13_IRQHandler
                0x0000000008001e94                I2C3_ER_IRQHandler
                0x0000000008001e94                DFSDM1_FLT2_IRQHandler
                0x0000000008001e94                EXTI0_IRQHandler
                0x0000000008001e94                I2C2_EV_IRQHandler
                0x0000000008001e94                DMA1_Stream2_IRQHandler
                0x0000000008001e94                CAN1_RX0_IRQHandler
                0x0000000008001e94                FPU_IRQHandler
                0x0000000008001e94                OTG_HS_WKUP_IRQHandler
                0x0000000008001e94                CAN3_SCE_IRQHandler
                0x0000000008001e94                CAN2_SCE_IRQHandler
                0x0000000008001e94                DMA2_Stream2_IRQHandler
                0x0000000008001e94                SPI1_IRQHandler
                0x0000000008001e94                TIM6_DAC_IRQHandler
                0x0000000008001e94                TIM1_BRK_TIM9_IRQHandler
                0x0000000008001e94                DCMI_IRQHandler
                0x0000000008001e94                CAN2_RX0_IRQHandler
                0x0000000008001e94                DMA2_Stream3_IRQHandler
                0x0000000008001e94                SAI2_IRQHandler
                0x0000000008001e94                DFSDM1_FLT3_IRQHandler
                0x0000000008001e94                USART6_IRQHandler
                0x0000000008001e94                CAN3_RX0_IRQHandler
                0x0000000008001e94                USART3_IRQHandler
                0x0000000008001e94                CAN1_RX1_IRQHandler
                0x0000000008001e94                UART5_IRQHandler
                0x0000000008001e94                DMA2_Stream0_IRQHandler
                0x0000000008001e94                TIM4_IRQHandler
                0x0000000008001e94                QUADSPI_IRQHandler
                0x0000000008001e94                I2C1_EV_IRQHandler
                0x0000000008001e94                DMA1_Stream6_IRQHandler
                0x0000000008001e94                DMA1_Stream1_IRQHandler
                0x0000000008001e94                UART4_IRQHandler
                0x0000000008001e94                TIM3_IRQHandler
                0x0000000008001e94                RCC_IRQHandler
                0x0000000008001e94                TIM8_BRK_TIM12_IRQHandler
                0x0000000008001e94                Default_Handler
                0x0000000008001e94                CEC_IRQHandler
                0x0000000008001e94                EXTI15_10_IRQHandler
                0x0000000008001e94                ADC_IRQHandler
                0x0000000008001e94                DMA1_Stream7_IRQHandler
                0x0000000008001e94                SPI5_IRQHandler
                0x0000000008001e94                TIM7_IRQHandler
                0x0000000008001e94                SDMMC1_IRQHandler
                0x0000000008001e94                CAN2_TX_IRQHandler
                0x0000000008001e94                TIM5_IRQHandler
                0x0000000008001e94                DMA2_Stream7_IRQHandler
                0x0000000008001e94                I2C3_EV_IRQHandler
                0x0000000008001e94                EXTI9_5_IRQHandler
                0x0000000008001e94                RTC_WKUP_IRQHandler
                0x0000000008001e94                ETH_WKUP_IRQHandler
                0x0000000008001e94                SPDIF_RX_IRQHandler
                0x0000000008001e94                SPI2_IRQHandler
                0x0000000008001e94                OTG_HS_EP1_IN_IRQHandler
                0x0000000008001e94                DMA1_Stream0_IRQHandler
                0x0000000008001e94                CAN1_TX_IRQHandler
                0x0000000008001e94                EXTI4_IRQHandler
                0x0000000008001e94                RNG_IRQHandler
                0x0000000008001e94                ETH_IRQHandler
                0x0000000008001e94                OTG_HS_EP1_OUT_IRQHandler
                0x0000000008001e94                WWDG_IRQHandler
                0x0000000008001e94                SPI6_IRQHandler
                0x0000000008001e94                MDIOS_IRQHandler
                0x0000000008001e94                I2C4_EV_IRQHandler
                0x0000000008001e94                CAN3_TX_IRQHandler
                0x0000000008001e94                TIM2_IRQHandler
                0x0000000008001e94                OTG_FS_WKUP_IRQHandler
                0x0000000008001e94                TIM1_TRG_COM_TIM11_IRQHandler
                0x0000000008001e94                OTG_HS_IRQHandler
                0x0000000008001e94                DMA2D_IRQHandler
                0x0000000008001e94                EXTI1_IRQHandler
                0x0000000008001e94                SDMMC2_IRQHandler
                0x0000000008001e94                UART7_IRQHandler
                0x0000000008001e94                USART2_IRQHandler
                0x0000000008001e94                DFSDM1_FLT0_IRQHandler
                0x0000000008001e94                I2C2_ER_IRQHandler
                0x0000000008001e94                DMA2_Stream1_IRQHandler
                0x0000000008001e94                CAN1_SCE_IRQHandler
                0x0000000008001e94                FLASH_IRQHandler
                0x0000000008001e94                DMA2_Stream4_IRQHandler
                0x0000000008001e94                USART1_IRQHandler
                0x0000000008001e94                OTG_FS_IRQHandler
                0x0000000008001e94                SPI3_IRQHandler
                0x0000000008001e94                DMA1_Stream4_IRQHandler
                0x0000000008001e94                I2C1_ER_IRQHandler
                0x0000000008001e94                FMC_IRQHandler
                0x0000000008001e94                LPTIM1_IRQHandler
                0x0000000008001e94                I2C4_ER_IRQHandler
                0x0000000008001e94                DMA2_Stream6_IRQHandler
                0x0000000008001e94                SAI1_IRQHandler
                0x0000000008001e94                DMA1_Stream3_IRQHandler
 *fill*         0x0000000008001e96        0x2 
 .text.__libc_init_array
                0x0000000008001e98       0x48 /home/marina/Documents/gcc-arm-none-eabi-7-2017-q4-major/bin/../lib/gcc/arm-none-eabi/7.2.1/../../../../arm-none-eabi/lib/thumb/v7e-m/fpv5/hard/libc_nano.a(lib_a-init.o)
                0x0000000008001e98                __libc_init_array
 *(.glue_7)
 .glue_7        0x0000000008001ee0        0x0 linker stubs
 *(.glue_7t)
 .glue_7t       0x0000000008001ee0        0x0 linker stubs
 *(.eh_frame)
 .eh_frame      0x0000000008001ee0        0x0 /home/marina/Documents/gcc-arm-none-eabi-7-2017-q4-major/bin/../lib/gcc/arm-none-eabi/7.2.1/thumb/v7e-m/fpv5/hard/crtbegin.o
 *(.init)
 .init          0x0000000008001ee0        0x4 /home/marina/Documents/gcc-arm-none-eabi-7-2017-q4-major/bin/../lib/gcc/arm-none-eabi/7.2.1/thumb/v7e-m/fpv5/hard/crti.o
                0x0000000008001ee0                _init
 .init          0x0000000008001ee4        0x8 /home/marina/Documents/gcc-arm-none-eabi-7-2017-q4-major/bin/../lib/gcc/arm-none-eabi/7.2.1/thumb/v7e-m/fpv5/hard/crtn.o
 *(.fini)
 .fini          0x0000000008001eec        0x4 /home/marina/Documents/gcc-arm-none-eabi-7-2017-q4-major/bin/../lib/gcc/arm-none-eabi/7.2.1/thumb/v7e-m/fpv5/hard/crti.o
                0x0000000008001eec                _fini
 .fini          0x0000000008001ef0        0x8 /home/marina/Documents/gcc-arm-none-eabi-7-2017-q4-major/bin/../lib/gcc/arm-none-eabi/7.2.1/thumb/v7e-m/fpv5/hard/crtn.o
                0x0000000008001ef8                . = ALIGN (0x4)
                0x0000000008001ef8                _etext = .

.vfp11_veneer   0x0000000008001ef8        0x0
 .vfp11_veneer  0x0000000008001ef8        0x0 linker stubs

.v4_bx          0x0000000008001ef8        0x0
 .v4_bx         0x0000000008001ef8        0x0 linker stubs

.iplt           0x0000000008001ef8        0x0
 .iplt          0x0000000008001ef8        0x0 /home/marina/Documents/gcc-arm-none-eabi-7-2017-q4-major/bin/../lib/gcc/arm-none-eabi/7.2.1/thumb/v7e-m/fpv5/hard/crtbegin.o

.rodata         0x0000000008001ef8       0x30
                0x0000000008001ef8                . = ALIGN (0x4)
 *(.rodata)
 .rodata        0x0000000008001ef8        0xa build/main.o
 *(.rodata*)
 *fill*         0x0000000008001f02        0x2 
 .rodata.MX_USART1_UART_Init.str1.4
                0x0000000008001f04        0xc build/main.o
                                          0xb (size before relaxing)
 .rodata.AHBPrescTable
                0x0000000008001f10       0x10 build/system_stm32f7xx.o
                0x0000000008001f10                AHBPrescTable
 .rodata.APBPrescTable
                0x0000000008001f20        0x8 build/system_stm32f7xx.o
                0x0000000008001f20                APBPrescTable
                0x0000000008001f28                . = ALIGN (0x4)

.ARM.extab
 *(.ARM.extab* .gnu.linkonce.armextab.*)

.ARM            0x0000000008001f28        0x8
                0x0000000008001f28                __exidx_start = .
 *(.ARM.exidx*)
 .ARM.exidx     0x0000000008001f28        0x8 /home/marina/Documents/gcc-arm-none-eabi-7-2017-q4-major/bin/../lib/gcc/arm-none-eabi/7.2.1/thumb/v7e-m/fpv5/hard/libgcc.a(_udivmoddi4.o)
                0x0000000008001f30                __exidx_end = .

.rel.dyn        0x0000000008001f30        0x0
 .rel.iplt      0x0000000008001f30        0x0 /home/marina/Documents/gcc-arm-none-eabi-7-2017-q4-major/bin/../lib/gcc/arm-none-eabi/7.2.1/thumb/v7e-m/fpv5/hard/crtbegin.o

.preinit_array  0x0000000008001f30        0x0
                0x0000000008001f30                PROVIDE (__preinit_array_start, .)
 *(.preinit_array*)
                0x0000000008001f30                PROVIDE (__preinit_array_end, .)

.init_array     0x0000000008001f30        0x4
                0x0000000008001f30                PROVIDE (__init_array_start, .)
 *(SORT_BY_NAME(.init_array.*))
 *(.init_array*)
 .init_array    0x0000000008001f30        0x4 /home/marina/Documents/gcc-arm-none-eabi-7-2017-q4-major/bin/../lib/gcc/arm-none-eabi/7.2.1/thumb/v7e-m/fpv5/hard/crtbegin.o
                0x0000000008001f34                PROVIDE (__init_array_end, .)

.fini_array     0x0000000008001f34        0x4
                [!provide]                        PROVIDE (__fini_array_start, .)
 *(SORT_BY_NAME(.fini_array.*))
 *(.fini_array*)
 .fini_array    0x0000000008001f34        0x4 /home/marina/Documents/gcc-arm-none-eabi-7-2017-q4-major/bin/../lib/gcc/arm-none-eabi/7.2.1/thumb/v7e-m/fpv5/hard/crtbegin.o
                [!provide]                        PROVIDE (__fini_array_end, .)
                0x0000000008001f38                _sidata = LOADADDR (.data)

.data           0x0000000020000000        0xc load address 0x0000000008001f38
                0x0000000020000000                . = ALIGN (0x4)
                0x0000000020000000                _sdata = .
 *(.data)
 *(.data*)
 .data.SystemCoreClock
                0x0000000020000000        0x4 build/system_stm32f7xx.o
                0x0000000020000000                SystemCoreClock
 .data.uwTickFreq
                0x0000000020000004        0x1 build/stm32f7xx_hal.o
                0x0000000020000004                uwTickFreq
 *fill*         0x0000000020000005        0x3 
 .data.uwTickPrio
                0x0000000020000008        0x4 build/stm32f7xx_hal.o
                0x0000000020000008                uwTickPrio
                0x000000002000000c                . = ALIGN (0x4)
                0x000000002000000c                _edata = .

.igot.plt       0x000000002000000c        0x0 load address 0x0000000008001f44
 .igot.plt      0x000000002000000c        0x0 /home/marina/Documents/gcc-arm-none-eabi-7-2017-q4-major/bin/../lib/gcc/arm-none-eabi/7.2.1/thumb/v7e-m/fpv5/hard/crtbegin.o
                0x000000002000000c                . = ALIGN (0x4)

.bss            0x000000002000000c       0x90 load address 0x0000000008001f44
                0x000000002000000c                _sbss = .
                0x000000002000000c                __bss_start__ = _sbss
 *(.bss)
 .bss           0x000000002000000c       0x1c /home/marina/Documents/gcc-arm-none-eabi-7-2017-q4-major/bin/../lib/gcc/arm-none-eabi/7.2.1/thumb/v7e-m/fpv5/hard/crtbegin.o
 *(.bss*)
 *(COMMON)
 COMMON         0x0000000020000028       0x70 build/main.o
                0x0000000020000028                huart1
 COMMON         0x0000000020000098        0x4 build/stm32f7xx_hal.o
                0x0000000020000098                uwTick
                0x000000002000009c                . = ALIGN (0x4)
                0x000000002000009c                _ebss = .
                0x000000002000009c                __bss_end__ = _ebss

._user_heap_stack
                0x000000002000009c      0x604 load address 0x0000000008001f44
                0x00000000200000a0                . = ALIGN (0x8)
 *fill*         0x000000002000009c        0x4 
                [!provide]                        PROVIDE (end, .)
                [!provide]                        PROVIDE (_end, .)
                0x00000000200002a0                . = (. + _Min_Heap_Size)
 *fill*         0x00000000200000a0      0x200 
                0x00000000200006a0                . = (. + _Min_Stack_Size)
 *fill*         0x00000000200002a0      0x400 
                0x00000000200006a0                . = ALIGN (0x8)

/DISCARD/
 libc.a(*)
 libm.a(*)
 libgcc.a(*)

.ARM.attributes
                0x0000000000000000       0x2e
 *(.ARM.attributes)
 .ARM.attributes
                0x0000000000000000       0x20 /home/marina/Documents/gcc-arm-none-eabi-7-2017-q4-major/bin/../lib/gcc/arm-none-eabi/7.2.1/thumb/v7e-m/fpv5/hard/crti.o
 .ARM.attributes
                0x0000000000000020       0x32 /home/marina/Documents/gcc-arm-none-eabi-7-2017-q4-major/bin/../lib/gcc/arm-none-eabi/7.2.1/thumb/v7e-m/fpv5/hard/crtbegin.o
 .ARM.attributes
                0x0000000000000052       0x37 build/stm32f7xx_it.o
 .ARM.attributes
                0x0000000000000089       0x37 build/stm32f7xx_hal_cortex.o
 .ARM.attributes
                0x00000000000000c0       0x37 build/main.o
 .ARM.attributes
                0x00000000000000f7       0x37 build/system_stm32f7xx.o
 .ARM.attributes
                0x000000000000012e       0x37 build/stm32f7xx_hal_uart.o
 .ARM.attributes
                0x0000000000000165       0x37 build/stm32f7xx_hal_pwr_ex.o
 .ARM.attributes
                0x000000000000019c       0x37 build/stm32f7xx_hal_gpio.o
 .ARM.attributes
                0x00000000000001d3       0x37 build/stm32f7xx_hal_rcc.o
 .ARM.attributes
                0x000000000000020a       0x37 build/stm32f7xx_hal.o
 .ARM.attributes
                0x0000000000000241       0x37 build/stm32f7xx_hal_msp.o
 .ARM.attributes
                0x0000000000000278       0x37 build/stm32f7xx_hal_rcc_ex.o
 .ARM.attributes
                0x00000000000002af       0x21 build/startup_stm32f765xx.o
 .ARM.attributes
                0x00000000000002d0       0x32 /home/marina/Documents/gcc-arm-none-eabi-7-2017-q4-major/bin/../lib/gcc/arm-none-eabi/7.2.1/../../../../arm-none-eabi/lib/thumb/v7e-m/fpv5/hard/libc_nano.a(lib_a-init.o)
 .ARM.attributes
                0x0000000000000302       0x20 /home/marina/Documents/gcc-arm-none-eabi-7-2017-q4-major/bin/../lib/gcc/arm-none-eabi/7.2.1/thumb/v7e-m/fpv5/hard/libgcc.a(_aeabi_uldivmod.o)
 .ARM.attributes
                0x0000000000000322       0x32 /home/marina/Documents/gcc-arm-none-eabi-7-2017-q4-major/bin/../lib/gcc/arm-none-eabi/7.2.1/thumb/v7e-m/fpv5/hard/libgcc.a(_udivmoddi4.o)
 .ARM.attributes
                0x0000000000000354       0x20 /home/marina/Documents/gcc-arm-none-eabi-7-2017-q4-major/bin/../lib/gcc/arm-none-eabi/7.2.1/thumb/v7e-m/fpv5/hard/libgcc.a(_dvmd_tls.o)
 .ARM.attributes
                0x0000000000000374       0x20 /home/marina/Documents/gcc-arm-none-eabi-7-2017-q4-major/bin/../lib/gcc/arm-none-eabi/7.2.1/thumb/v7e-m/fpv5/hard/crtn.o
OUTPUT(build/test_chip.elf elf32-littlearm)

.debug_info     0x0000000000000000     0xf27b
 .debug_info    0x0000000000000000      0xb14 build/stm32f7xx_it.o
 .debug_info    0x0000000000000b14     0x1ba4 build/stm32f7xx_hal_cortex.o
 .debug_info    0x00000000000026b8     0x1e76 build/main.o
 .debug_info    0x000000000000452e     0x10b2 build/system_stm32f7xx.o
 .debug_info    0x00000000000055e0     0x230f build/stm32f7xx_hal_uart.o
 .debug_info    0x00000000000078ef     0x1428 build/stm32f7xx_hal_pwr_ex.o
 .debug_info    0x0000000000008d17     0x114e build/stm32f7xx_hal_gpio.o
 .debug_info    0x0000000000009e65     0x1538 build/stm32f7xx_hal_rcc.o
 .debug_info    0x000000000000b39d     0x14b2 build/stm32f7xx_hal.o
 .debug_info    0x000000000000c84f     0x17c6 build/stm32f7xx_hal_msp.o
 .debug_info    0x000000000000e015     0x1244 build/stm32f7xx_hal_rcc_ex.o
 .debug_info    0x000000000000f259       0x22 build/startup_stm32f765xx.o

.debug_abbrev   0x0000000000000000     0x1e3f
 .debug_abbrev  0x0000000000000000      0x1db build/stm32f7xx_it.o
 .debug_abbrev  0x00000000000001db      0x3dc build/stm32f7xx_hal_cortex.o
 .debug_abbrev  0x00000000000005b7      0x2e4 build/main.o
 .debug_abbrev  0x000000000000089b      0x1f3 build/system_stm32f7xx.o
 .debug_abbrev  0x0000000000000a8e      0x345 build/stm32f7xx_hal_uart.o
 .debug_abbrev  0x0000000000000dd3      0x2bd build/stm32f7xx_hal_pwr_ex.o
 .debug_abbrev  0x0000000000001090      0x2be build/stm32f7xx_hal_gpio.o
 .debug_abbrev  0x000000000000134e      0x352 build/stm32f7xx_hal_rcc.o
 .debug_abbrev  0x00000000000016a0      0x2c7 build/stm32f7xx_hal.o
 .debug_abbrev  0x0000000000001967      0x237 build/stm32f7xx_hal_msp.o
 .debug_abbrev  0x0000000000001b9e      0x28f build/stm32f7xx_hal_rcc_ex.o
 .debug_abbrev  0x0000000000001e2d       0x12 build/startup_stm32f765xx.o

.debug_loc      0x0000000000000000     0x3b06
 .debug_loc     0x0000000000000000       0x20 build/stm32f7xx_it.o
 .debug_loc     0x0000000000000020      0x650 build/stm32f7xx_hal_cortex.o
 .debug_loc     0x0000000000000670      0x168 build/main.o
 .debug_loc     0x00000000000007d8      0x16a build/system_stm32f7xx.o
 .debug_loc     0x0000000000000942     0x1a1e build/stm32f7xx_hal_uart.o
 .debug_loc     0x0000000000002360      0x2dc build/stm32f7xx_hal_pwr_ex.o
 .debug_loc     0x000000000000263c      0x531 build/stm32f7xx_hal_gpio.o
 .debug_loc     0x0000000000002b6d      0x653 build/stm32f7xx_hal_rcc.o
 .debug_loc     0x00000000000031c0      0x19d build/stm32f7xx_hal.o
 .debug_loc     0x000000000000335d       0xd3 build/stm32f7xx_hal_msp.o
 .debug_loc     0x0000000000003430      0x6d6 build/stm32f7xx_hal_rcc_ex.o

.debug_aranges  0x0000000000000000      0x620
 .debug_aranges
                0x0000000000000000       0x60 build/stm32f7xx_it.o
 .debug_aranges
                0x0000000000000060       0xa8 build/stm32f7xx_hal_cortex.o
 .debug_aranges
                0x0000000000000108       0x48 build/main.o
 .debug_aranges
                0x0000000000000150       0x28 build/system_stm32f7xx.o
 .debug_aranges
                0x0000000000000178      0x190 build/stm32f7xx_hal_uart.o
 .debug_aranges
                0x0000000000000308       0x80 build/stm32f7xx_hal_pwr_ex.o
 .debug_aranges
                0x0000000000000388       0x58 build/stm32f7xx_hal_gpio.o
 .debug_aranges
                0x00000000000003e0       0x88 build/stm32f7xx_hal_rcc.o
 .debug_aranges
                0x0000000000000468      0x110 build/stm32f7xx_hal.o
 .debug_aranges
                0x0000000000000578       0x30 build/stm32f7xx_hal_msp.o
 .debug_aranges
                0x00000000000005a8       0x50 build/stm32f7xx_hal_rcc_ex.o
 .debug_aranges
                0x00000000000005f8       0x28 build/startup_stm32f765xx.o

.debug_ranges   0x0000000000000000      0x5c8
 .debug_ranges  0x0000000000000000       0x50 build/stm32f7xx_it.o
 .debug_ranges  0x0000000000000050       0xf8 build/stm32f7xx_hal_cortex.o
 .debug_ranges  0x0000000000000148       0x38 build/main.o
 .debug_ranges  0x0000000000000180       0x18 build/system_stm32f7xx.o
 .debug_ranges  0x0000000000000198      0x180 build/stm32f7xx_hal_uart.o
 .debug_ranges  0x0000000000000318       0x70 build/stm32f7xx_hal_pwr_ex.o
 .debug_ranges  0x0000000000000388       0x48 build/stm32f7xx_hal_gpio.o
 .debug_ranges  0x00000000000003d0       0x78 build/stm32f7xx_hal_rcc.o
 .debug_ranges  0x0000000000000448      0x100 build/stm32f7xx_hal.o
 .debug_ranges  0x0000000000000548       0x20 build/stm32f7xx_hal_msp.o
 .debug_ranges  0x0000000000000568       0x40 build/stm32f7xx_hal_rcc_ex.o
 .debug_ranges  0x00000000000005a8       0x20 build/startup_stm32f765xx.o

.debug_line     0x0000000000000000     0x3450
 .debug_line    0x0000000000000000      0x2d0 build/stm32f7xx_it.o
 .debug_line    0x00000000000002d0      0x4b3 build/stm32f7xx_hal_cortex.o
 .debug_line    0x0000000000000783      0x3b6 build/main.o
 .debug_line    0x0000000000000b39      0x244 build/system_stm32f7xx.o
 .debug_line    0x0000000000000d7d      0xc76 build/stm32f7xx_hal_uart.o
 .debug_line    0x00000000000019f3      0x3d0 build/stm32f7xx_hal_pwr_ex.o
 .debug_line    0x0000000000001dc3      0x409 build/stm32f7xx_hal_gpio.o
 .debug_line    0x00000000000021cc      0x592 build/stm32f7xx_hal_rcc.o
 .debug_line    0x000000000000275e      0x4ca build/stm32f7xx_hal.o
 .debug_line    0x0000000000002c28      0x2e8 build/stm32f7xx_hal_msp.o
 .debug_line    0x0000000000002f10      0x4cc build/stm32f7xx_hal_rcc_ex.o
 .debug_line    0x00000000000033dc       0x74 build/startup_stm32f765xx.o

.debug_str      0x0000000000000000     0x2b9b
 .debug_str     0x0000000000000000      0x60a build/stm32f7xx_it.o
                                        0x67b (size before relaxing)
 .debug_str     0x000000000000060a      0xb30 build/stm32f7xx_hal_cortex.o
                                       0x121c (size before relaxing)
 .debug_str     0x000000000000113a      0xb17 build/main.o
                                       0x17bb (size before relaxing)
 .debug_str     0x0000000000001c51       0x53 build/system_stm32f7xx.o
                                        0x83e (size before relaxing)
 .debug_str     0x0000000000001ca4      0x5e7 build/stm32f7xx_hal_uart.o
                                       0x1223 (size before relaxing)
 .debug_str     0x000000000000228b      0x1e7 build/stm32f7xx_hal_pwr_ex.o
                                        0xa6c (size before relaxing)
 .debug_str     0x0000000000002472      0x130 build/stm32f7xx_hal_gpio.o
                                        0x911 (size before relaxing)
 .debug_str     0x00000000000025a2      0x15b build/stm32f7xx_hal_rcc.o
                                        0xaf8 (size before relaxing)
 .debug_str     0x00000000000026fd      0x31d build/stm32f7xx_hal.o
                                       0x1119 (size before relaxing)
 .debug_str     0x0000000000002a1a       0x18 build/stm32f7xx_hal_msp.o
                                       0x12c6 (size before relaxing)
 .debug_str     0x0000000000002a32      0x144 build/stm32f7xx_hal_rcc_ex.o
                                        0xb4d (size before relaxing)
 .debug_str     0x0000000000002b76       0x25 build/startup_stm32f765xx.o
                                         0x42 (size before relaxing)

.comment        0x0000000000000000       0x7e
 .comment       0x0000000000000000       0x7e build/stm32f7xx_it.o
                                         0x7f (size before relaxing)
 .comment       0x000000000000007e       0x7f build/stm32f7xx_hal_cortex.o
 .comment       0x000000000000007e       0x7f build/main.o
 .comment       0x000000000000007e       0x7f build/system_stm32f7xx.o
 .comment       0x000000000000007e       0x7f build/stm32f7xx_hal_uart.o
 .comment       0x000000000000007e       0x7f build/stm32f7xx_hal_pwr_ex.o
 .comment       0x000000000000007e       0x7f build/stm32f7xx_hal_gpio.o
 .comment       0x000000000000007e       0x7f build/stm32f7xx_hal_rcc.o
 .comment       0x000000000000007e       0x7f build/stm32f7xx_hal.o
 .comment       0x000000000000007e       0x7f build/stm32f7xx_hal_msp.o
 .comment       0x000000000000007e       0x7f build/stm32f7xx_hal_rcc_ex.o

.debug_frame    0x0000000000000000      0xff8
 .debug_frame   0x0000000000000000       0xac build/stm32f7xx_it.o
 .debug_frame   0x00000000000000ac      0x16c build/stm32f7xx_hal_cortex.o
 .debug_frame   0x0000000000000218       0xa4 build/main.o
 .debug_frame   0x00000000000002bc       0x3c build/system_stm32f7xx.o
 .debug_frame   0x00000000000002f8      0x4d8 build/stm32f7xx_hal_uart.o
 .debug_frame   0x00000000000007d0      0x150 build/stm32f7xx_hal_pwr_ex.o
 .debug_frame   0x0000000000000920       0xec build/stm32f7xx_hal_gpio.o
 .debug_frame   0x0000000000000a0c      0x1d4 build/stm32f7xx_hal_rcc.o
 .debug_frame   0x0000000000000be0      0x240 build/stm32f7xx_hal.o
 .debug_frame   0x0000000000000e20       0x64 build/stm32f7xx_hal_msp.o
 .debug_frame   0x0000000000000e84       0xe8 build/stm32f7xx_hal_rcc_ex.o
 .debug_frame   0x0000000000000f6c       0x2c /home/marina/Documents/gcc-arm-none-eabi-7-2017-q4-major/bin/../lib/gcc/arm-none-eabi/7.2.1/../../../../arm-none-eabi/lib/thumb/v7e-m/fpv5/hard/libc_nano.a(lib_a-init.o)
 .debug_frame   0x0000000000000f98       0x2c /home/marina/Documents/gcc-arm-none-eabi-7-2017-q4-major/bin/../lib/gcc/arm-none-eabi/7.2.1/thumb/v7e-m/fpv5/hard/libgcc.a(_aeabi_uldivmod.o)
 .debug_frame   0x0000000000000fc4       0x34 /home/marina/Documents/gcc-arm-none-eabi-7-2017-q4-major/bin/../lib/gcc/arm-none-eabi/7.2.1/thumb/v7e-m/fpv5/hard/libgcc.a(_udivmoddi4.o)

Cross Reference Table

Symbol                                            File
ADC_IRQHandler                                    build/startup_stm32f765xx.o
AHBPrescTable                                     build/system_stm32f7xx.o
                                                  build/stm32f7xx_hal_rcc.o
APBPrescTable                                     build/system_stm32f7xx.o
                                                  build/stm32f7xx_hal_rcc.o
BusFault_Handler                                  build/stm32f7xx_it.o
CAN1_RX0_IRQHandler                               build/startup_stm32f765xx.o
CAN1_RX1_IRQHandler                               build/startup_stm32f765xx.o
CAN1_SCE_IRQHandler                               build/startup_stm32f765xx.o
CAN1_TX_IRQHandler                                build/startup_stm32f765xx.o
CAN2_RX0_IRQHandler                               build/startup_stm32f765xx.o
CAN2_RX1_IRQHandler                               build/startup_stm32f765xx.o
CAN2_SCE_IRQHandler                               build/startup_stm32f765xx.o
CAN2_TX_IRQHandler                                build/startup_stm32f765xx.o
CAN3_RX0_IRQHandler                               build/startup_stm32f765xx.o
CAN3_RX1_IRQHandler                               build/startup_stm32f765xx.o
CAN3_SCE_IRQHandler                               build/startup_stm32f765xx.o
CAN3_TX_IRQHandler                                build/startup_stm32f765xx.o
CEC_IRQHandler                                    build/startup_stm32f765xx.o
DCMI_IRQHandler                                   build/startup_stm32f765xx.o
DFSDM1_FLT0_IRQHandler                            build/startup_stm32f765xx.o
DFSDM1_FLT1_IRQHandler                            build/startup_stm32f765xx.o
DFSDM1_FLT2_IRQHandler                            build/startup_stm32f765xx.o
DFSDM1_FLT3_IRQHandler                            build/startup_stm32f765xx.o
DMA1_Stream0_IRQHandler                           build/startup_stm32f765xx.o
DMA1_Stream1_IRQHandler                           build/startup_stm32f765xx.o
DMA1_Stream2_IRQHandler                           build/startup_stm32f765xx.o
DMA1_Stream3_IRQHandler                           build/startup_stm32f765xx.o
DMA1_Stream4_IRQHandler                           build/startup_stm32f765xx.o
DMA1_Stream5_IRQHandler                           build/startup_stm32f765xx.o
DMA1_Stream6_IRQHandler                           build/startup_stm32f765xx.o
DMA1_Stream7_IRQHandler                           build/startup_stm32f765xx.o
DMA2D_IRQHandler                                  build/startup_stm32f765xx.o
DMA2_Stream0_IRQHandler                           build/startup_stm32f765xx.o
DMA2_Stream1_IRQHandler                           build/startup_stm32f765xx.o
DMA2_Stream2_IRQHandler                           build/startup_stm32f765xx.o
DMA2_Stream3_IRQHandler                           build/startup_stm32f765xx.o
DMA2_Stream4_IRQHandler                           build/startup_stm32f765xx.o
DMA2_Stream5_IRQHandler                           build/startup_stm32f765xx.o
DMA2_Stream6_IRQHandler                           build/startup_stm32f765xx.o
DMA2_Stream7_IRQHandler                           build/startup_stm32f765xx.o
DebugMon_Handler                                  build/stm32f7xx_it.o
Default_Handler                                   build/startup_stm32f765xx.o
ETH_IRQHandler                                    build/startup_stm32f765xx.o
ETH_WKUP_IRQHandler                               build/startup_stm32f765xx.o
EXTI0_IRQHandler                                  build/startup_stm32f765xx.o
EXTI15_10_IRQHandler                              build/startup_stm32f765xx.o
EXTI1_IRQHandler                                  build/startup_stm32f765xx.o
EXTI2_IRQHandler                                  build/startup_stm32f765xx.o
EXTI3_IRQHandler                                  build/startup_stm32f765xx.o
EXTI4_IRQHandler                                  build/startup_stm32f765xx.o
EXTI9_5_IRQHandler                                build/startup_stm32f765xx.o
FLASH_Erase_Sector                                build/stm32f7xx_hal_flash_ex.o
                                                  build/stm32f7xx_hal_flash.o
FLASH_IRQHandler                                  build/startup_stm32f765xx.o
FLASH_WaitForLastOperation                        build/stm32f7xx_hal_flash.o
                                                  build/stm32f7xx_hal_flash_ex.o
FMC_IRQHandler                                    build/startup_stm32f765xx.o
FPU_IRQHandler                                    build/startup_stm32f765xx.o
HAL_DBGMCU_DisableDBGSleepMode                    build/stm32f7xx_hal.o
HAL_DBGMCU_DisableDBGStandbyMode                  build/stm32f7xx_hal.o
HAL_DBGMCU_DisableDBGStopMode                     build/stm32f7xx_hal.o
HAL_DBGMCU_EnableDBGSleepMode                     build/stm32f7xx_hal.o
HAL_DBGMCU_EnableDBGStandbyMode                   build/stm32f7xx_hal.o
HAL_DBGMCU_EnableDBGStopMode                      build/stm32f7xx_hal.o
HAL_DMAEx_ChangeMemory                            build/stm32f7xx_hal_dma_ex.o
HAL_DMAEx_MultiBufferStart                        build/stm32f7xx_hal_dma_ex.o
HAL_DMAEx_MultiBufferStart_IT                     build/stm32f7xx_hal_dma_ex.o
HAL_DMA_Abort                                     build/stm32f7xx_hal_dma.o
                                                  build/stm32f7xx_hal_uart.o
HAL_DMA_Abort_IT                                  build/stm32f7xx_hal_dma.o
                                                  build/stm32f7xx_hal_uart.o
                                                  build/stm32f7xx_hal_i2c.o
HAL_DMA_DeInit                                    build/stm32f7xx_hal_dma.o
HAL_DMA_GetError                                  build/stm32f7xx_hal_dma.o
HAL_DMA_GetState                                  build/stm32f7xx_hal_dma.o
HAL_DMA_IRQHandler                                build/stm32f7xx_hal_dma.o
HAL_DMA_Init                                      build/stm32f7xx_hal_dma.o
HAL_DMA_PollForTransfer                           build/stm32f7xx_hal_dma.o
HAL_DMA_RegisterCallback                          build/stm32f7xx_hal_dma.o
HAL_DMA_Start                                     build/stm32f7xx_hal_dma.o
HAL_DMA_Start_IT                                  build/stm32f7xx_hal_dma.o
                                                  build/stm32f7xx_hal_uart.o
                                                  build/stm32f7xx_hal_i2c.o
HAL_DMA_UnRegisterCallback                        build/stm32f7xx_hal_dma.o
HAL_DeInit                                        build/stm32f7xx_hal.o
HAL_Delay                                         build/stm32f7xx_hal.o
HAL_DisableCompensationCell                       build/stm32f7xx_hal.o
HAL_DisableFMCMemorySwapping                      build/stm32f7xx_hal.o
HAL_DisableMemorySwappingBank                     build/stm32f7xx_hal.o
HAL_EnableCompensationCell                        build/stm32f7xx_hal.o
HAL_EnableFMCMemorySwapping                       build/stm32f7xx_hal.o
HAL_EnableMemorySwappingBank                      build/stm32f7xx_hal.o
HAL_FLASHEx_Erase                                 build/stm32f7xx_hal_flash_ex.o
HAL_FLASHEx_Erase_IT                              build/stm32f7xx_hal_flash_ex.o
HAL_FLASHEx_OBGetConfig                           build/stm32f7xx_hal_flash_ex.o
HAL_FLASHEx_OBProgram                             build/stm32f7xx_hal_flash_ex.o
HAL_FLASH_EndOfOperationCallback                  build/stm32f7xx_hal_flash.o
HAL_FLASH_GetError                                build/stm32f7xx_hal_flash.o
HAL_FLASH_IRQHandler                              build/stm32f7xx_hal_flash.o
HAL_FLASH_Lock                                    build/stm32f7xx_hal_flash.o
HAL_FLASH_OB_Launch                               build/stm32f7xx_hal_flash.o
HAL_FLASH_OB_Lock                                 build/stm32f7xx_hal_flash.o
HAL_FLASH_OB_Unlock                               build/stm32f7xx_hal_flash.o
HAL_FLASH_OperationErrorCallback                  build/stm32f7xx_hal_flash.o
HAL_FLASH_Program                                 build/stm32f7xx_hal_flash.o
HAL_FLASH_Program_IT                              build/stm32f7xx_hal_flash.o
HAL_FLASH_Unlock                                  build/stm32f7xx_hal_flash.o
HAL_GPIO_DeInit                                   build/stm32f7xx_hal_gpio.o
                                                  build/stm32f7xx_hal_msp.o
HAL_GPIO_EXTI_Callback                            build/stm32f7xx_hal_gpio.o
HAL_GPIO_EXTI_IRQHandler                          build/stm32f7xx_hal_gpio.o
HAL_GPIO_Init                                     build/stm32f7xx_hal_gpio.o
                                                  build/stm32f7xx_hal_msp.o
                                                  build/stm32f7xx_hal_rcc.o
                                                  build/main.o
HAL_GPIO_LockPin                                  build/stm32f7xx_hal_gpio.o
HAL_GPIO_ReadPin                                  build/stm32f7xx_hal_gpio.o
HAL_GPIO_TogglePin                                build/stm32f7xx_hal_gpio.o
HAL_GPIO_WritePin                                 build/stm32f7xx_hal_gpio.o
                                                  build/main.o
HAL_GetDEVID                                      build/stm32f7xx_hal.o
HAL_GetHalVersion                                 build/stm32f7xx_hal.o
HAL_GetREVID                                      build/stm32f7xx_hal.o
HAL_GetTick                                       build/stm32f7xx_hal.o
                                                  build/stm32f7xx_hal_dma.o
                                                  build/stm32f7xx_hal_rcc_ex.o
                                                  build/stm32f7xx_hal_rcc.o
                                                  build/stm32f7xx_hal_flash.o
                                                  build/stm32f7xx_hal_pwr_ex.o
                                                  build/stm32f7xx_hal_uart.o
                                                  build/stm32f7xx_hal_i2c.o
HAL_GetTickFreq                                   build/stm32f7xx_hal.o
HAL_GetTickPrio                                   build/stm32f7xx_hal.o
HAL_GetUIDw0                                      build/stm32f7xx_hal.o
HAL_GetUIDw1                                      build/stm32f7xx_hal.o
HAL_GetUIDw2                                      build/stm32f7xx_hal.o
HAL_HalfDuplex_EnableReceiver                     build/stm32f7xx_hal_uart.o
HAL_HalfDuplex_EnableTransmitter                  build/stm32f7xx_hal_uart.o
HAL_HalfDuplex_Init                               build/stm32f7xx_hal_uart.o
HAL_I2CEx_ConfigAnalogFilter                      build/stm32f7xx_hal_i2c_ex.o
HAL_I2CEx_ConfigDigitalFilter                     build/stm32f7xx_hal_i2c_ex.o
HAL_I2CEx_DisableFastModePlus                     build/stm32f7xx_hal_i2c_ex.o
HAL_I2CEx_EnableFastModePlus                      build/stm32f7xx_hal_i2c_ex.o
HAL_I2C_AbortCpltCallback                         build/stm32f7xx_hal_i2c.o
HAL_I2C_AddrCallback                              build/stm32f7xx_hal_i2c.o
HAL_I2C_DeInit                                    build/stm32f7xx_hal_i2c.o
HAL_I2C_DisableListen_IT                          build/stm32f7xx_hal_i2c.o
HAL_I2C_ER_IRQHandler                             build/stm32f7xx_hal_i2c.o
HAL_I2C_EV_IRQHandler                             build/stm32f7xx_hal_i2c.o
HAL_I2C_EnableListen_IT                           build/stm32f7xx_hal_i2c.o
HAL_I2C_ErrorCallback                             build/stm32f7xx_hal_i2c.o
HAL_I2C_GetError                                  build/stm32f7xx_hal_i2c.o
HAL_I2C_GetMode                                   build/stm32f7xx_hal_i2c.o
HAL_I2C_GetState                                  build/stm32f7xx_hal_i2c.o
HAL_I2C_Init                                      build/stm32f7xx_hal_i2c.o
HAL_I2C_IsDeviceReady                             build/stm32f7xx_hal_i2c.o
HAL_I2C_ListenCpltCallback                        build/stm32f7xx_hal_i2c.o
HAL_I2C_MasterRxCpltCallback                      build/stm32f7xx_hal_i2c.o
HAL_I2C_MasterTxCpltCallback                      build/stm32f7xx_hal_i2c.o
HAL_I2C_Master_Abort_IT                           build/stm32f7xx_hal_i2c.o
HAL_I2C_Master_Receive                            build/stm32f7xx_hal_i2c.o
HAL_I2C_Master_Receive_DMA                        build/stm32f7xx_hal_i2c.o
HAL_I2C_Master_Receive_IT                         build/stm32f7xx_hal_i2c.o
HAL_I2C_Master_Sequential_Receive_IT              build/stm32f7xx_hal_i2c.o
HAL_I2C_Master_Sequential_Transmit_IT             build/stm32f7xx_hal_i2c.o
HAL_I2C_Master_Transmit                           build/stm32f7xx_hal_i2c.o
HAL_I2C_Master_Transmit_DMA                       build/stm32f7xx_hal_i2c.o
HAL_I2C_Master_Transmit_IT                        build/stm32f7xx_hal_i2c.o
HAL_I2C_MemRxCpltCallback                         build/stm32f7xx_hal_i2c.o
HAL_I2C_MemTxCpltCallback                         build/stm32f7xx_hal_i2c.o
HAL_I2C_Mem_Read                                  build/stm32f7xx_hal_i2c.o
HAL_I2C_Mem_Read_DMA                              build/stm32f7xx_hal_i2c.o
HAL_I2C_Mem_Read_IT                               build/stm32f7xx_hal_i2c.o
HAL_I2C_Mem_Write                                 build/stm32f7xx_hal_i2c.o
HAL_I2C_Mem_Write_DMA                             build/stm32f7xx_hal_i2c.o
HAL_I2C_Mem_Write_IT                              build/stm32f7xx_hal_i2c.o
HAL_I2C_MspDeInit                                 build/stm32f7xx_hal_i2c.o
HAL_I2C_MspInit                                   build/stm32f7xx_hal_i2c.o
HAL_I2C_SlaveRxCpltCallback                       build/stm32f7xx_hal_i2c.o
HAL_I2C_SlaveTxCpltCallback                       build/stm32f7xx_hal_i2c.o
HAL_I2C_Slave_Receive                             build/stm32f7xx_hal_i2c.o
HAL_I2C_Slave_Receive_DMA                         build/stm32f7xx_hal_i2c.o
HAL_I2C_Slave_Receive_IT                          build/stm32f7xx_hal_i2c.o
HAL_I2C_Slave_Sequential_Receive_IT               build/stm32f7xx_hal_i2c.o
HAL_I2C_Slave_Sequential_Transmit_IT              build/stm32f7xx_hal_i2c.o
HAL_I2C_Slave_Transmit                            build/stm32f7xx_hal_i2c.o
HAL_I2C_Slave_Transmit_DMA                        build/stm32f7xx_hal_i2c.o
HAL_I2C_Slave_Transmit_IT                         build/stm32f7xx_hal_i2c.o
HAL_IncTick                                       build/stm32f7xx_hal.o
                                                  build/stm32f7xx_it.o
HAL_Init                                          build/stm32f7xx_hal.o
                                                  build/main.o
HAL_InitTick                                      build/stm32f7xx_hal.o
                                                  build/stm32f7xx_hal_rcc.o
HAL_LIN_Init                                      build/stm32f7xx_hal_uart.o
HAL_LIN_SendBreak                                 build/stm32f7xx_hal_uart.o
HAL_MPU_ConfigRegion                              build/stm32f7xx_hal_cortex.o
HAL_MPU_Disable                                   build/stm32f7xx_hal_cortex.o
HAL_MPU_Enable                                    build/stm32f7xx_hal_cortex.o
HAL_MspDeInit                                     build/stm32f7xx_hal.o
HAL_MspInit                                       build/stm32f7xx_hal_msp.o
                                                  build/stm32f7xx_hal.o
HAL_MultiProcessorEx_AddressLength_Set            build/stm32f7xx_hal_uart.o
HAL_MultiProcessor_DisableMuteMode                build/stm32f7xx_hal_uart.o
HAL_MultiProcessor_EnableMuteMode                 build/stm32f7xx_hal_uart.o
HAL_MultiProcessor_EnterMuteMode                  build/stm32f7xx_hal_uart.o
HAL_MultiProcessor_Init                           build/stm32f7xx_hal_uart.o
HAL_NVIC_ClearPendingIRQ                          build/stm32f7xx_hal_cortex.o
HAL_NVIC_DisableIRQ                               build/stm32f7xx_hal_cortex.o
HAL_NVIC_EnableIRQ                                build/stm32f7xx_hal_cortex.o
HAL_NVIC_GetActive                                build/stm32f7xx_hal_cortex.o
HAL_NVIC_GetPendingIRQ                            build/stm32f7xx_hal_cortex.o
HAL_NVIC_GetPriority                              build/stm32f7xx_hal_cortex.o
HAL_NVIC_GetPriorityGrouping                      build/stm32f7xx_hal_cortex.o
HAL_NVIC_SetPendingIRQ                            build/stm32f7xx_hal_cortex.o
HAL_NVIC_SetPriority                              build/stm32f7xx_hal_cortex.o
                                                  build/stm32f7xx_hal_msp.o
                                                  build/stm32f7xx_hal.o
                                                  build/main.o
HAL_NVIC_SetPriorityGrouping                      build/stm32f7xx_hal_cortex.o
                                                  build/stm32f7xx_hal_msp.o
                                                  build/stm32f7xx_hal.o
HAL_NVIC_SystemReset                              build/stm32f7xx_hal_cortex.o
HAL_PWREx_ControlVoltageScaling                   build/stm32f7xx_hal_pwr_ex.o
HAL_PWREx_DisableBkUpReg                          build/stm32f7xx_hal_pwr_ex.o
HAL_PWREx_DisableFlashPowerDown                   build/stm32f7xx_hal_pwr_ex.o
HAL_PWREx_DisableLowRegulatorLowVoltage           build/stm32f7xx_hal_pwr_ex.o
HAL_PWREx_DisableMainRegulatorLowVoltage          build/stm32f7xx_hal_pwr_ex.o
HAL_PWREx_DisableOverDrive                        build/stm32f7xx_hal_pwr_ex.o
HAL_PWREx_EnableBkUpReg                           build/stm32f7xx_hal_pwr_ex.o
HAL_PWREx_EnableFlashPowerDown                    build/stm32f7xx_hal_pwr_ex.o
HAL_PWREx_EnableLowRegulatorLowVoltage            build/stm32f7xx_hal_pwr_ex.o
HAL_PWREx_EnableMainRegulatorLowVoltage           build/stm32f7xx_hal_pwr_ex.o
HAL_PWREx_EnableOverDrive                         build/stm32f7xx_hal_pwr_ex.o
                                                  build/main.o
HAL_PWREx_EnterUnderDriveSTOPMode                 build/stm32f7xx_hal_pwr_ex.o
HAL_PWREx_GetVoltageRange                         build/stm32f7xx_hal_pwr_ex.o
HAL_PWR_ConfigPVD                                 build/stm32f7xx_hal_pwr.o
HAL_PWR_DeInit                                    build/stm32f7xx_hal_pwr.o
HAL_PWR_DisableBkUpAccess                         build/stm32f7xx_hal_pwr.o
HAL_PWR_DisablePVD                                build/stm32f7xx_hal_pwr.o
HAL_PWR_DisableSEVOnPend                          build/stm32f7xx_hal_pwr.o
HAL_PWR_DisableSleepOnExit                        build/stm32f7xx_hal_pwr.o
HAL_PWR_DisableWakeUpPin                          build/stm32f7xx_hal_pwr.o
HAL_PWR_EnableBkUpAccess                          build/stm32f7xx_hal_pwr.o
HAL_PWR_EnablePVD                                 build/stm32f7xx_hal_pwr.o
HAL_PWR_EnableSEVOnPend                           build/stm32f7xx_hal_pwr.o
HAL_PWR_EnableSleepOnExit                         build/stm32f7xx_hal_pwr.o
HAL_PWR_EnableWakeUpPin                           build/stm32f7xx_hal_pwr.o
HAL_PWR_EnterSLEEPMode                            build/stm32f7xx_hal_pwr.o
HAL_PWR_EnterSTANDBYMode                          build/stm32f7xx_hal_pwr.o
HAL_PWR_EnterSTOPMode                             build/stm32f7xx_hal_pwr.o
HAL_PWR_PVDCallback                               build/stm32f7xx_hal_pwr.o
HAL_PWR_PVD_IRQHandler                            build/stm32f7xx_hal_pwr.o
HAL_RCCEx_DisablePLLI2S                           build/stm32f7xx_hal_rcc_ex.o
HAL_RCCEx_DisablePLLSAI                           build/stm32f7xx_hal_rcc_ex.o
HAL_RCCEx_EnablePLLI2S                            build/stm32f7xx_hal_rcc_ex.o
HAL_RCCEx_EnablePLLSAI                            build/stm32f7xx_hal_rcc_ex.o
HAL_RCCEx_GetPeriphCLKConfig                      build/stm32f7xx_hal_rcc_ex.o
HAL_RCCEx_GetPeriphCLKFreq                        build/stm32f7xx_hal_rcc_ex.o
HAL_RCCEx_PeriphCLKConfig                         build/stm32f7xx_hal_rcc_ex.o
                                                  build/main.o
HAL_RCC_CSSCallback                               build/stm32f7xx_hal_rcc.o
HAL_RCC_ClockConfig                               build/stm32f7xx_hal_rcc.o
                                                  build/main.o
HAL_RCC_DeInit                                    build/stm32f7xx_hal_rcc.o
HAL_RCC_DisableCSS                                build/stm32f7xx_hal_rcc.o
HAL_RCC_EnableCSS                                 build/stm32f7xx_hal_rcc.o
HAL_RCC_GetClockConfig                            build/stm32f7xx_hal_rcc.o
HAL_RCC_GetHCLKFreq                               build/stm32f7xx_hal_rcc.o
                                                  build/main.o
HAL_RCC_GetOscConfig                              build/stm32f7xx_hal_rcc.o
HAL_RCC_GetPCLK1Freq                              build/stm32f7xx_hal_rcc.o
                                                  build/stm32f7xx_hal_uart.o
HAL_RCC_GetPCLK2Freq                              build/stm32f7xx_hal_rcc.o
                                                  build/stm32f7xx_hal_uart.o
HAL_RCC_GetSysClockFreq                           build/stm32f7xx_hal_rcc.o
                                                  build/stm32f7xx_hal_uart.o
HAL_RCC_MCOConfig                                 build/stm32f7xx_hal_rcc.o
HAL_RCC_NMI_IRQHandler                            build/stm32f7xx_hal_rcc.o
HAL_RCC_OscConfig                                 build/stm32f7xx_hal_rcc.o
                                                  build/main.o
HAL_RS485Ex_Init                                  build/stm32f7xx_hal_uart.o
HAL_ResumeTick                                    build/stm32f7xx_hal.o
HAL_SYSTICK_CLKSourceConfig                       build/stm32f7xx_hal_cortex.o
                                                  build/main.o
HAL_SYSTICK_Callback                              build/stm32f7xx_hal_cortex.o
HAL_SYSTICK_Config                                build/stm32f7xx_hal_cortex.o
                                                  build/stm32f7xx_hal.o
                                                  build/main.o
HAL_SYSTICK_IRQHandler                            build/stm32f7xx_hal_cortex.o
                                                  build/stm32f7xx_it.o
HAL_SetTickFreq                                   build/stm32f7xx_hal.o
HAL_SuspendTick                                   build/stm32f7xx_hal.o
HAL_UART_DMAPause                                 build/stm32f7xx_hal_uart.o
HAL_UART_DMAResume                                build/stm32f7xx_hal_uart.o
HAL_UART_DMAStop                                  build/stm32f7xx_hal_uart.o
HAL_UART_DeInit                                   build/stm32f7xx_hal_uart.o
HAL_UART_ErrorCallback                            build/stm32f7xx_hal_uart.o
HAL_UART_GetError                                 build/stm32f7xx_hal_uart.o
HAL_UART_GetState                                 build/stm32f7xx_hal_uart.o
HAL_UART_IRQHandler                               build/stm32f7xx_hal_uart.o
HAL_UART_Init                                     build/stm32f7xx_hal_uart.o
                                                  build/main.o
HAL_UART_MspDeInit                                build/stm32f7xx_hal_msp.o
                                                  build/stm32f7xx_hal_uart.o
HAL_UART_MspInit                                  build/stm32f7xx_hal_msp.o
                                                  build/stm32f7xx_hal_uart.o
HAL_UART_Receive                                  build/stm32f7xx_hal_uart.o
HAL_UART_Receive_DMA                              build/stm32f7xx_hal_uart.o
HAL_UART_Receive_IT                               build/stm32f7xx_hal_uart.o
HAL_UART_RxCpltCallback                           build/stm32f7xx_hal_uart.o
HAL_UART_RxHalfCpltCallback                       build/stm32f7xx_hal_uart.o
HAL_UART_Transmit                                 build/stm32f7xx_hal_uart.o
                                                  build/main.o
HAL_UART_Transmit_DMA                             build/stm32f7xx_hal_uart.o
HAL_UART_Transmit_IT                              build/stm32f7xx_hal_uart.o
HAL_UART_TxCpltCallback                           build/stm32f7xx_hal_uart.o
HAL_UART_TxHalfCpltCallback                       build/stm32f7xx_hal_uart.o
HardFault_Handler                                 build/stm32f7xx_it.o
I2C1_ER_IRQHandler                                build/startup_stm32f765xx.o
I2C1_EV_IRQHandler                                build/startup_stm32f765xx.o
I2C2_ER_IRQHandler                                build/startup_stm32f765xx.o
I2C2_EV_IRQHandler                                build/startup_stm32f765xx.o
I2C3_ER_IRQHandler                                build/startup_stm32f765xx.o
I2C3_EV_IRQHandler                                build/startup_stm32f765xx.o
I2C4_ER_IRQHandler                                build/startup_stm32f765xx.o
I2C4_EV_IRQHandler                                build/startup_stm32f765xx.o
LPTIM1_IRQHandler                                 build/startup_stm32f765xx.o
MDIOS_IRQHandler                                  build/startup_stm32f765xx.o
MemManage_Handler                                 build/stm32f7xx_it.o
NMI_Handler                                       build/stm32f7xx_it.o
OTG_FS_IRQHandler                                 build/startup_stm32f765xx.o
OTG_FS_WKUP_IRQHandler                            build/startup_stm32f765xx.o
OTG_HS_EP1_IN_IRQHandler                          build/startup_stm32f765xx.o
OTG_HS_EP1_OUT_IRQHandler                         build/startup_stm32f765xx.o
OTG_HS_IRQHandler                                 build/startup_stm32f765xx.o
OTG_HS_WKUP_IRQHandler                            build/startup_stm32f765xx.o
PVD_IRQHandler                                    build/startup_stm32f765xx.o
PendSV_Handler                                    build/stm32f7xx_it.o
QUADSPI_IRQHandler                                build/startup_stm32f765xx.o
RCC_IRQHandler                                    build/startup_stm32f765xx.o
RNG_IRQHandler                                    build/startup_stm32f765xx.o
RTC_Alarm_IRQHandler                              build/startup_stm32f765xx.o
RTC_WKUP_IRQHandler                               build/startup_stm32f765xx.o
Reset_Handler                                     build/startup_stm32f765xx.o
SAI1_IRQHandler                                   build/startup_stm32f765xx.o
SAI2_IRQHandler                                   build/startup_stm32f765xx.o
SDMMC1_IRQHandler                                 build/startup_stm32f765xx.o
SDMMC2_IRQHandler                                 build/startup_stm32f765xx.o
SPDIF_RX_IRQHandler                               build/startup_stm32f765xx.o
SPI1_IRQHandler                                   build/startup_stm32f765xx.o
SPI2_IRQHandler                                   build/startup_stm32f765xx.o
SPI3_IRQHandler                                   build/startup_stm32f765xx.o
SPI4_IRQHandler                                   build/startup_stm32f765xx.o
SPI5_IRQHandler                                   build/startup_stm32f765xx.o
SPI6_IRQHandler                                   build/startup_stm32f765xx.o
SVC_Handler                                       build/stm32f7xx_it.o
SysTick_Handler                                   build/stm32f7xx_it.o
SystemClock_Config                                build/main.o
SystemCoreClock                                   build/system_stm32f7xx.o
                                                  build/stm32f7xx_hal_dma.o
                                                  build/stm32f7xx_hal.o
                                                  build/stm32f7xx_hal_rcc.o
SystemCoreClockUpdate                             build/system_stm32f7xx.o
SystemInit                                        build/system_stm32f7xx.o
                                                  build/startup_stm32f765xx.o
TAMP_STAMP_IRQHandler                             build/startup_stm32f765xx.o
TIM1_BRK_TIM9_IRQHandler                          build/startup_stm32f765xx.o
TIM1_CC_IRQHandler                                build/startup_stm32f765xx.o
TIM1_TRG_COM_TIM11_IRQHandler                     build/startup_stm32f765xx.o
TIM1_UP_TIM10_IRQHandler                          build/startup_stm32f765xx.o
TIM2_IRQHandler                                   build/startup_stm32f765xx.o
TIM3_IRQHandler                                   build/startup_stm32f765xx.o
TIM4_IRQHandler                                   build/startup_stm32f765xx.o
TIM5_IRQHandler                                   build/startup_stm32f765xx.o
TIM6_DAC_IRQHandler                               build/startup_stm32f765xx.o
TIM7_IRQHandler                                   build/startup_stm32f765xx.o
TIM8_BRK_TIM12_IRQHandler                         build/startup_stm32f765xx.o
TIM8_CC_IRQHandler                                build/startup_stm32f765xx.o
TIM8_TRG_COM_TIM14_IRQHandler                     build/startup_stm32f765xx.o
TIM8_UP_TIM13_IRQHandler                          build/startup_stm32f765xx.o
UART4_IRQHandler                                  build/startup_stm32f765xx.o
UART5_IRQHandler                                  build/startup_stm32f765xx.o
UART7_IRQHandler                                  build/startup_stm32f765xx.o
UART8_IRQHandler                                  build/startup_stm32f765xx.o
UART_AdvFeatureConfig                             build/stm32f7xx_hal_uart.o
UART_CheckIdleState                               build/stm32f7xx_hal_uart.o
UART_SetConfig                                    build/stm32f7xx_hal_uart.o
UART_WaitOnFlagUntilTimeout                       build/stm32f7xx_hal_uart.o
USART1_IRQHandler                                 build/startup_stm32f765xx.o
USART2_IRQHandler                                 build/startup_stm32f765xx.o
USART3_IRQHandler                                 build/startup_stm32f765xx.o
USART6_IRQHandler                                 build/startup_stm32f765xx.o
UsageFault_Handler                                build/stm32f7xx_it.o
WWDG_IRQHandler                                   build/startup_stm32f765xx.o
_Error_Handler                                    build/main.o
__aeabi_idiv0                                     /home/marina/Documents/gcc-arm-none-eabi-7-2017-q4-major/bin/../lib/gcc/arm-none-eabi/7.2.1/thumb/v7e-m/fpv5/hard/libgcc.a(_dvmd_tls.o)
__aeabi_ldiv0                                     /home/marina/Documents/gcc-arm-none-eabi-7-2017-q4-major/bin/../lib/gcc/arm-none-eabi/7.2.1/thumb/v7e-m/fpv5/hard/libgcc.a(_dvmd_tls.o)
                                                  /home/marina/Documents/gcc-arm-none-eabi-7-2017-q4-major/bin/../lib/gcc/arm-none-eabi/7.2.1/thumb/v7e-m/fpv5/hard/libgcc.a(_aeabi_uldivmod.o)
__aeabi_uldivmod                                  /home/marina/Documents/gcc-arm-none-eabi-7-2017-q4-major/bin/../lib/gcc/arm-none-eabi/7.2.1/thumb/v7e-m/fpv5/hard/libgcc.a(_aeabi_uldivmod.o)
                                                  build/stm32f7xx_hal_rcc.o
__bss_end__                                       /home/marina/Documents/gcc-arm-none-eabi-7-2017-q4-major/bin/../lib/gcc/arm-none-eabi/7.2.1/../../../../arm-none-eabi/lib/thumb/v7e-m/fpv5/hard/crt0.o
__bss_start__                                     /home/marina/Documents/gcc-arm-none-eabi-7-2017-q4-major/bin/../lib/gcc/arm-none-eabi/7.2.1/../../../../arm-none-eabi/lib/thumb/v7e-m/fpv5/hard/crt0.o
__call_exitprocs                                  /home/marina/Documents/gcc-arm-none-eabi-7-2017-q4-major/bin/../lib/gcc/arm-none-eabi/7.2.1/../../../../arm-none-eabi/lib/thumb/v7e-m/fpv5/hard/libc_nano.a(lib_a-exit.o)
__deregister_frame_info                           /home/marina/Documents/gcc-arm-none-eabi-7-2017-q4-major/bin/../lib/gcc/arm-none-eabi/7.2.1/thumb/v7e-m/fpv5/hard/crtbegin.o
__dso_handle                                      /home/marina/Documents/gcc-arm-none-eabi-7-2017-q4-major/bin/../lib/gcc/arm-none-eabi/7.2.1/thumb/v7e-m/fpv5/hard/crtbegin.o
__init_array_end                                  /home/marina/Documents/gcc-arm-none-eabi-7-2017-q4-major/bin/../lib/gcc/arm-none-eabi/7.2.1/../../../../arm-none-eabi/lib/thumb/v7e-m/fpv5/hard/libc_nano.a(lib_a-init.o)
__init_array_start                                /home/marina/Documents/gcc-arm-none-eabi-7-2017-q4-major/bin/../lib/gcc/arm-none-eabi/7.2.1/../../../../arm-none-eabi/lib/thumb/v7e-m/fpv5/hard/libc_nano.a(lib_a-init.o)
__libc_fini_array                                 /home/marina/Documents/gcc-arm-none-eabi-7-2017-q4-major/bin/../lib/gcc/arm-none-eabi/7.2.1/../../../../arm-none-eabi/lib/thumb/v7e-m/fpv5/hard/crt0.o
__libc_init_array                                 /home/marina/Documents/gcc-arm-none-eabi-7-2017-q4-major/bin/../lib/gcc/arm-none-eabi/7.2.1/../../../../arm-none-eabi/lib/thumb/v7e-m/fpv5/hard/libc_nano.a(lib_a-init.o)
                                                  build/startup_stm32f765xx.o
                                                  /home/marina/Documents/gcc-arm-none-eabi-7-2017-q4-major/bin/../lib/gcc/arm-none-eabi/7.2.1/../../../../arm-none-eabi/lib/thumb/v7e-m/fpv5/hard/crt0.o
__preinit_array_end                               /home/marina/Documents/gcc-arm-none-eabi-7-2017-q4-major/bin/../lib/gcc/arm-none-eabi/7.2.1/../../../../arm-none-eabi/lib/thumb/v7e-m/fpv5/hard/libc_nano.a(lib_a-init.o)
__preinit_array_start                             /home/marina/Documents/gcc-arm-none-eabi-7-2017-q4-major/bin/../lib/gcc/arm-none-eabi/7.2.1/../../../../arm-none-eabi/lib/thumb/v7e-m/fpv5/hard/libc_nano.a(lib_a-init.o)
__register_frame_info                             /home/marina/Documents/gcc-arm-none-eabi-7-2017-q4-major/bin/../lib/gcc/arm-none-eabi/7.2.1/thumb/v7e-m/fpv5/hard/crtbegin.o
__sf_fake_stderr                                  /home/marina/Documents/gcc-arm-none-eabi-7-2017-q4-major/bin/../lib/gcc/arm-none-eabi/7.2.1/../../../../arm-none-eabi/lib/thumb/v7e-m/fpv5/hard/libc_nano.a(lib_a-impure.o)
__sf_fake_stdin                                   /home/marina/Documents/gcc-arm-none-eabi-7-2017-q4-major/bin/../lib/gcc/arm-none-eabi/7.2.1/../../../../arm-none-eabi/lib/thumb/v7e-m/fpv5/hard/libc_nano.a(lib_a-impure.o)
__sf_fake_stdout                                  /home/marina/Documents/gcc-arm-none-eabi-7-2017-q4-major/bin/../lib/gcc/arm-none-eabi/7.2.1/../../../../arm-none-eabi/lib/thumb/v7e-m/fpv5/hard/libc_nano.a(lib_a-impure.o)
__stack                                           /home/marina/Documents/gcc-arm-none-eabi-7-2017-q4-major/bin/../lib/gcc/arm-none-eabi/7.2.1/../../../../arm-none-eabi/lib/thumb/v7e-m/fpv5/hard/crt0.o
__udivmoddi4                                      /home/marina/Documents/gcc-arm-none-eabi-7-2017-q4-major/bin/../lib/gcc/arm-none-eabi/7.2.1/thumb/v7e-m/fpv5/hard/libgcc.a(_udivmoddi4.o)
                                                  /home/marina/Documents/gcc-arm-none-eabi-7-2017-q4-major/bin/../lib/gcc/arm-none-eabi/7.2.1/thumb/v7e-m/fpv5/hard/libgcc.a(_aeabi_uldivmod.o)
_ebss                                             build/startup_stm32f765xx.o
_edata                                            build/startup_stm32f765xx.o
_estack                                           build/startup_stm32f765xx.o
_exit                                             /home/marina/Documents/gcc-arm-none-eabi-7-2017-q4-major/bin/../lib/gcc/arm-none-eabi/7.2.1/../../../../arm-none-eabi/lib/thumb/v7e-m/fpv5/hard/libnosys.a(_exit.o)
                                                  /home/marina/Documents/gcc-arm-none-eabi-7-2017-q4-major/bin/../lib/gcc/arm-none-eabi/7.2.1/../../../../arm-none-eabi/lib/thumb/v7e-m/fpv5/hard/libc_nano.a(lib_a-exit.o)
_fini                                             /home/marina/Documents/gcc-arm-none-eabi-7-2017-q4-major/bin/../lib/gcc/arm-none-eabi/7.2.1/thumb/v7e-m/fpv5/hard/crti.o
_global_impure_ptr                                /home/marina/Documents/gcc-arm-none-eabi-7-2017-q4-major/bin/../lib/gcc/arm-none-eabi/7.2.1/../../../../arm-none-eabi/lib/thumb/v7e-m/fpv5/hard/libc_nano.a(lib_a-impure.o)
                                                  /home/marina/Documents/gcc-arm-none-eabi-7-2017-q4-major/bin/../lib/gcc/arm-none-eabi/7.2.1/../../../../arm-none-eabi/lib/thumb/v7e-m/fpv5/hard/libc_nano.a(lib_a-exit.o)
_impure_ptr                                       /home/marina/Documents/gcc-arm-none-eabi-7-2017-q4-major/bin/../lib/gcc/arm-none-eabi/7.2.1/../../../../arm-none-eabi/lib/thumb/v7e-m/fpv5/hard/libc_nano.a(lib_a-impure.o)
_init                                             /home/marina/Documents/gcc-arm-none-eabi-7-2017-q4-major/bin/../lib/gcc/arm-none-eabi/7.2.1/thumb/v7e-m/fpv5/hard/crti.o
                                                  /home/marina/Documents/gcc-arm-none-eabi-7-2017-q4-major/bin/../lib/gcc/arm-none-eabi/7.2.1/../../../../arm-none-eabi/lib/thumb/v7e-m/fpv5/hard/libc_nano.a(lib_a-init.o)
_mainCRTStartup                                   /home/marina/Documents/gcc-arm-none-eabi-7-2017-q4-major/bin/../lib/gcc/arm-none-eabi/7.2.1/../../../../arm-none-eabi/lib/thumb/v7e-m/fpv5/hard/crt0.o
_sbss                                             build/startup_stm32f765xx.o
_sdata                                            build/startup_stm32f765xx.o
_sidata                                           build/startup_stm32f765xx.o
_start                                            /home/marina/Documents/gcc-arm-none-eabi-7-2017-q4-major/bin/../lib/gcc/arm-none-eabi/7.2.1/../../../../arm-none-eabi/lib/thumb/v7e-m/fpv5/hard/crt0.o
atexit                                            /home/marina/Documents/gcc-arm-none-eabi-7-2017-q4-major/bin/../lib/gcc/arm-none-eabi/7.2.1/../../../../arm-none-eabi/lib/thumb/v7e-m/fpv5/hard/crt0.o
exit                                              /home/marina/Documents/gcc-arm-none-eabi-7-2017-q4-major/bin/../lib/gcc/arm-none-eabi/7.2.1/../../../../arm-none-eabi/lib/thumb/v7e-m/fpv5/hard/libc_nano.a(lib_a-exit.o)
                                                  /home/marina/Documents/gcc-arm-none-eabi-7-2017-q4-major/bin/../lib/gcc/arm-none-eabi/7.2.1/../../../../arm-none-eabi/lib/thumb/v7e-m/fpv5/hard/crt0.o
g_pfnVectors                                      build/startup_stm32f765xx.o
hardware_init_hook                                /home/marina/Documents/gcc-arm-none-eabi-7-2017-q4-major/bin/../lib/gcc/arm-none-eabi/7.2.1/../../../../arm-none-eabi/lib/thumb/v7e-m/fpv5/hard/crt0.o
huart1                                            build/main.o
main                                              build/main.o
                                                  build/startup_stm32f765xx.o
                                                  /home/marina/Documents/gcc-arm-none-eabi-7-2017-q4-major/bin/../lib/gcc/arm-none-eabi/7.2.1/../../../../arm-none-eabi/lib/thumb/v7e-m/fpv5/hard/crt0.o
memset                                            /home/marina/Documents/gcc-arm-none-eabi-7-2017-q4-major/bin/../lib/gcc/arm-none-eabi/7.2.1/../../../../arm-none-eabi/lib/thumb/v7e-m/fpv5/hard/libc_nano.a(lib_a-memset.o)
                                                  /home/marina/Documents/gcc-arm-none-eabi-7-2017-q4-major/bin/../lib/gcc/arm-none-eabi/7.2.1/../../../../arm-none-eabi/lib/thumb/v7e-m/fpv5/hard/crt0.o
mstrlen                                           build/main.o
pFlash                                            build/stm32f7xx_hal_flash.o
                                                  build/stm32f7xx_hal_flash_ex.o
software_init_hook                                /home/marina/Documents/gcc-arm-none-eabi-7-2017-q4-major/bin/../lib/gcc/arm-none-eabi/7.2.1/../../../../arm-none-eabi/lib/thumb/v7e-m/fpv5/hard/crt0.o
uwTick                                            build/stm32f7xx_hal.o
uwTickFreq                                        build/stm32f7xx_hal.o
uwTickPrio                                        build/stm32f7xx_hal.o
